   CHR  SNP           BP   A1   A2        F    POS    R_POS    NEG    R_NEG NEGSNPS
     1  rs0         1000    A    C     0.29      5    0.578      0       NA 
     1  rs1         6000    A    C    0.285      5    0.573      0       NA 
     1  rs2        11000    A    C    0.282      5    0.632      0       NA 
     1  rs3        16000    A    C      0.3      5    0.649      0       NA 
     1  rs4        21000    A    C    0.285      5    0.551      0       NA 
     1  rs5        26000    A    C    0.288      5    0.614      0       NA 
     1  rs6        31000    A    C    0.308      4    0.531      1    0.587 rs8
     1  rs7        36000    A    C    0.322      4     0.59      1    0.616 rs8
     1  rs8        41000    A    C    0.495      0       NA      5     0.61 rs6|rs7|rs9|rs10|rs11
     1  rs9        46000    A    C     0.31      4    0.508      1    0.551 rs8
     1 rs10        51000    A    C    0.325      4    0.638      1    0.648 rs8
     1 rs11        56000    A    C    0.318      4    0.599      1    0.649 rs8
     1 rs12        61000    A    C    0.292      5     0.61      0       NA 
     1 rs13        66000    A    C    0.298      5    0.691      0       NA 
     1 rs14        71000    A    C    0.265      5    0.654      0       NA 
     1 rs15        76000    A    C    0.282      5     0.62      0       NA 
     1 rs16        81000    A    C    0.288      5     0.69      0       NA 
     1 rs17        86000    A    C    0.272      5    0.653      0       NA 
     1 rs18        91000    A    C      0.3      4    0.619      1    0.595 rs20
     1 rs19        96000    A    C    0.312      4    0.595      1    0.624 rs20
     1 rs20       101000    A    C    0.492      0       NA      5    0.594 rs18|rs19|rs21|rs22|rs23
     1 rs21       106000    A    C    0.275      4    0.622      1     0.58 rs20
     1 rs22       111000    A    C    0.265      4    0.609      1    0.613 rs20
     1 rs23       116000    A    C     0.29      4    0.638      1    0.557 rs20
     1 rs24       121000    A    C    0.355      5    0.708      0       NA 
     1 rs25       126000    A    C     0.36      5      0.7      0       NA 
     1 rs26       131000    A    C     0.33      5    0.631      0       NA 
     1 rs27       136000    A    C     0.32      5    0.628      0       NA 
     1 rs28       141000    A    C     0.31      5    0.673      0       NA 
     1 rs29       146000    A    C    0.345      5    0.632      0       NA 
