   CHR  SNP           BP   A1   A2        F    POS    R_POS    NEG    R_NEG NEGSNPS
     1  rs0         1000    A    C    0.275      7    0.673      0       NA 
     1  rs1         5000    A    C     0.31      7    0.707      0       NA 
     1  rs2         9000    A    C    0.293      7     0.68      0       NA 
     1  rs3        13000    A    C    0.289      7    0.708      0       NA 
     1  rs4        17000    A    C    0.287      7    0.622      0       NA 
     1  rs5        21000    A    C    0.275      7    0.705      0       NA 
     1  rs6        25000    A    C    0.288      7     0.64      0       NA 
     1  rs7        29000    A    C    0.294      7    0.686      0       NA 
     1  rs8        33000    A    C    0.273      6    0.714      1    0.736 rs10
     1  rs9        37000    A    C     0.28      6    0.669      1    0.695 rs10
     1 rs10        41000    C    A    0.488      0       NA      7    0.703 rs8|rs9|rs11|rs12|rs13|rs14|rs15
     1 rs11        45000    A    C    0.305      6     0.69      1    0.697 rs10
     1 rs12        49000    A    C    0.293      6     0.68      1    0.708 rs10
     1 rs13        53000    A    C    0.292      6    0.755      1    0.758 rs10
     1 rs14        57000    A    C    0.278      6     0.64      1     0.66 rs10
     1 rs15        61000    A    C      0.3      6    0.696      1    0.669 rs10
     1 rs16        65000    A    C    0.296      7    0.743      0       NA 
     1 rs17        69000    A    C    0.314      7    0.681      0       NA 
     1 rs18        73000    A    C    0.321      7    0.722      0       NA 
     1 rs19        77000    A    C    0.327      7    0.713      0       NA 
     1 rs20        81000    A    C     0.31      7    0.703      0       NA 
     1 rs21        85000    A    C    0.295      7    0.677      0       NA 
     1 rs22        89000    A    C    0.286      7    0.741      0       NA 
     1 rs23        93000    A    C    0.308      7    0.672      0       NA 
     1 rs24        97000    A    C    0.324      6    0.697      1    0.689 rs25
     1 rs25       101000    A    C    0.493      0       NA      7    0.701 rs24|rs26|rs27|rs28|rs29|rs30|rs31
     1 rs26       105000    A    C    0.314      6    0.644      1    0.659 rs25
     1 rs27       109000    A    C    0.299      6    0.667      1     0.69 rs25
     1 rs28       113000    A    C    0.312      6    0.678      1    0.699 rs25
     1 rs29       117000    A    C    0.303      6    0.694      1    0.737 rs25
     1 rs30       121000    A    C    0.304      6    0.722      1    0.746 rs25
     1 rs31       125000    A    C    0.297      6     0.68      1    0.685 rs25
     1 rs32       129000    A    C    0.282      7    0.676      0       NA 
     1 rs33       133000    A    C    0.316      7    0.698      0       NA 
     1 rs34       137000    A    C    0.292      7    0.696      0       NA 
     1 rs35       141000    A    C    0.294      7    0.716      0       NA 
     1 rs36       145000    A    C    0.288      7     0.73      0       NA 
     1 rs37       149000    A    C    0.301      7    0.724      0       NA 
     1 rs38       153000    A    C    0.303      7    0.714      0       NA 
     1 rs39       157000    A    C    0.308      7    0.734      0       NA 
